// Jest Snapshot v1, https://goo.gl/fbAQLP

exports[`matches the prior snapshot 1`] = `
<div>
  <div
    className="AppMenu-root-136"
  >
    <header
      className="MuiPaper-root-151 MuiPaper-elevation4-157 MuiAppBar-root-143 MuiAppBar-positionFixed-144 MuiAppBar-colorPrimary-149 mui-fixed"
    >
      <div
        className="MuiToolbar-root-178 MuiToolbar-regular-180 MuiToolbar-gutters-179 AppMenu-nowrap-138"
      >
        <button
          aria-label="Menu"
          className="MuiButtonBase-root-188 MuiIconButton-root-182 MuiIconButton-colorInherit-183 AppMenu-menuButton-139"
          disabled={false}
          onBlur={[Function]}
          onClick={[Function]}
          onFocus={[Function]}
          onKeyDown={[Function]}
          onKeyUp={[Function]}
          onMouseDown={[Function]}
          onMouseLeave={[Function]}
          onMouseUp={[Function]}
          onTouchEnd={[Function]}
          onTouchMove={[Function]}
          onTouchStart={[Function]}
          tabIndex="0"
          type="button"
        >
          <span
            className="MuiIconButton-label-187"
          >
            <svg
              aria-hidden="true"
              className="MuiSvgIcon-root-191"
              color={undefined}
              focusable="false"
              viewBox="0 0 24 24"
            >
              <g>
                <path
                  d="M3 18h18v-2H3v2zm0-5h18v-2H3v2zm0-7v2h18V6H3z"
                />
              </g>
            </svg>
          </span>
          <span
            className="MuiTouchRipple-root-198"
          />
        </button>
        <h2
          className="MuiTypography-root-205 MuiTypography-title-211 MuiTypography-colorInherit-224 AppMenu-flex-137"
        >
          Point Pods
        </h2>
      </div>
    </header>
    <div
      className="AppMenu-spacer-141"
    />
  </div>
  <a
    aria-label="Add"
    className="MuiButtonBase-root-188 MuiButton-root-242 MuiButton-fab-257 MuiButton-contained-251 MuiButton-containedSecondary-253 MuiButton-raised-254 MuiButton-raisedSecondary-256 Home-actionButton-135"
    href="/new"
    onBlur={[Function]}
    onFocus={[Function]}
    onKeyDown={[Function]}
    onKeyUp={[Function]}
    onMouseDown={[Function]}
    onMouseLeave={[Function]}
    onMouseUp={[Function]}
    onTouchEnd={[Function]}
    onTouchMove={[Function]}
    onTouchStart={[Function]}
    role="button"
    tabIndex="0"
  >
    <span
      className="MuiButton-label-243"
    >
      <svg
        aria-hidden="true"
        className="MuiSvgIcon-root-191"
        color={undefined}
        focusable="false"
        viewBox="0 0 24 24"
      >
        <g>
          <path
            d="M19 13h-6v6h-2v-6H5v-2h6V5h2v6h6v2z"
          />
        </g>
      </svg>
    </span>
    <span
      className="MuiTouchRipple-root-198"
    />
  </a>
  <div
    className="APIComponent-root-266"
  />
</div>
`;
