// Jest Snapshot v1, https://goo.gl/fbAQLP

exports[`matches the prior snapshot 1`] = `
<div>
  <div
    className="APIComponent-root-170"
  >
    <header
      className="MuiPaper-root-186 MuiPaper-elevation4-192 MuiAppBar-root-178 MuiAppBar-positionFixed-179 MuiAppBar-colorPrimary-184 mui-fixed"
    >
      <div
        className="MuiToolbar-root-213 MuiToolbar-regular-215 MuiToolbar-gutters-214 APIComponent-nowrap-172"
      >
        <button
          aria-label="Back"
          className="MuiButtonBase-root-223 MuiIconButton-root-217 MuiIconButton-colorInherit-218 APIComponent-menuButton-173"
          disabled={false}
          onBlur={[Function]}
          onClick={[Function]}
          onFocus={[Function]}
          onKeyDown={[Function]}
          onKeyUp={[Function]}
          onMouseDown={[Function]}
          onMouseLeave={[Function]}
          onMouseUp={[Function]}
          onTouchEnd={[Function]}
          onTouchMove={[Function]}
          onTouchStart={[Function]}
          tabIndex="0"
          type="button"
        >
          <span
            className="MuiIconButton-label-222"
          >
            <svg
              aria-hidden="true"
              className="MuiSvgIcon-root-226"
              color={undefined}
              focusable="false"
              viewBox="0 0 24 24"
            >
              <path
                d="M0 0h24v24H0z"
                fill="none"
              />
              <path
                d="M20 11H7.83l5.59-5.59L12 4l-8 8 8 8 1.41-1.41L7.83 13H20v-2z"
              />
            </svg>
          </span>
          <span
            className="MuiTouchRipple-root-233"
          />
        </button>
        <h2
          className="MuiTypography-root-240 MuiTypography-title-246 MuiTypography-colorInherit-259 APIComponent-flex-171"
        >
          Settings
        </h2>
      </div>
    </header>
    <div
      className="APIComponent-spacer-175"
    />
  </div>
  <div
    className="APIComponent-root-289"
  >
    <div
      className="MuiPaper-root-186 MuiPaper-elevation1-189 MuiPaper-rounded-187 MuiCard-root-293 APIComponent-card-290"
    >
      <div
        className="MuiCardHeader-root-294"
      >
        <div
          className="MuiCardHeader-content-297"
        >
          <span
            className="MuiTypography-root-240 MuiTypography-headline-245 MuiCardHeader-title-298"
          >
            Pod Setup
          </span>
        </div>
      </div>
      <hr
        className="MuiDivider-root-300"
      />
      <div
        className="MuiCardContent-root-304 APIComponent-content-291"
      >
        <div
          aria-describedby={undefined}
          className="MuiFormControl-root-305 MuiFormControl-marginDense-307 APIComponent-field-292"
        >
          <label
            className="MuiFormLabel-root-314 MuiInputLabel-root-309 MuiInputLabel-formControl-310 MuiInputLabel-animated-313 MuiInputLabel-marginDense-311"
            data-shrink={false}
            htmlFor="settings-pairingMethod"
          >
            Pairing Method
          </label>
          <div
            className="MuiInput-root-324 MuiInput-formControl-325 MuiInput-underline-328"
          >
            <div
              className="MuiSelect-root-319"
            >
              <div
                aria-haspopup="true"
                aria-owns={null}
                aria-pressed="false"
                className="MuiSelect-select-320 MuiSelect-selectMenu-321 MuiInput-input-332 MuiInput-inputMarginDense-333"
                onBlur={[Function]}
                onClick={[Function]}
                onFocus={[Function]}
                onKeyDown={[Function]}
                role="button"
                tabIndex={0}
              >
                <span
                  dangerouslySetInnerHTML={
                    Object {
                      "__html": "&#8203;",
                    }
                  }
                />
              </div>
              <input
                autoComplete={undefined}
                autoFocus={undefined}
                defaultValue={undefined}
                id="settings-pairingMethod"
                name={undefined}
                onKeyDown={undefined}
                onKeyUp={undefined}
                placeholder={undefined}
                rows={undefined}
                type="hidden"
                value=""
              />
              <svg
                aria-hidden="true"
                className="MuiSvgIcon-root-226 MuiSelect-icon-323"
                color={undefined}
                focusable="false"
                viewBox="0 0 24 24"
              >
                <path
                  d="M7 10l5 5 5-5z"
                />
              </svg>
            </div>
          </div>
        </div>
        <div
          aria-describedby={undefined}
          className="MuiFormControl-root-305 MuiFormControl-marginDense-307 APIComponent-field-292"
        >
          <label
            className="MuiFormLabel-root-314 MuiInputLabel-root-309 MuiInputLabel-formControl-310 MuiInputLabel-animated-313 MuiInputLabel-marginDense-311"
            data-shrink={false}
            htmlFor="settings-pairingMethodInitial"
          >
            Initial Pairing Method
          </label>
          <div
            className="MuiInput-root-324 MuiInput-formControl-325 MuiInput-underline-328"
          >
            <div
              className="MuiSelect-root-319"
            >
              <div
                aria-haspopup="true"
                aria-owns={null}
                aria-pressed="false"
                className="MuiSelect-select-320 MuiSelect-selectMenu-321 MuiInput-input-332 MuiInput-inputMarginDense-333"
                onBlur={[Function]}
                onClick={[Function]}
                onFocus={[Function]}
                onKeyDown={[Function]}
                role="button"
                tabIndex={0}
              >
                <span
                  dangerouslySetInnerHTML={
                    Object {
                      "__html": "&#8203;",
                    }
                  }
                />
              </div>
              <input
                autoComplete={undefined}
                autoFocus={undefined}
                defaultValue={undefined}
                id="settings-pairingMethodInitial"
                name={undefined}
                onKeyDown={undefined}
                onKeyUp={undefined}
                placeholder={undefined}
                rows={undefined}
                type="hidden"
                value=""
              />
              <svg
                aria-hidden="true"
                className="MuiSvgIcon-root-226 MuiSelect-icon-323"
                color={undefined}
                focusable="false"
                viewBox="0 0 24 24"
              >
                <path
                  d="M7 10l5 5 5-5z"
                />
              </svg>
            </div>
          </div>
        </div>
        <div
          aria-describedby={undefined}
          className="MuiFormControl-root-305 MuiFormControl-marginDense-307 APIComponent-field-292"
        >
          <label
            className="MuiFormLabel-root-314 MuiInputLabel-root-309 MuiInputLabel-formControl-310 MuiInputLabel-animated-313 MuiInputLabel-marginDense-311"
            data-shrink={false}
            htmlFor="settings-podSizeMinimum"
          >
            Minimum Pod Size
          </label>
          <div
            className="MuiInput-root-324 MuiInput-formControl-325 MuiInput-underline-328"
          >
            <input
              aria-invalid={false}
              autoComplete={undefined}
              autoFocus={undefined}
              className="MuiInput-input-332 MuiInput-inputType-335 MuiInput-inputMarginDense-333"
              defaultValue={undefined}
              disabled={false}
              id="settings-podSizeMinimum"
              name={undefined}
              onBlur={[Function]}
              onChange={[Function]}
              onFocus={[Function]}
              onKeyDown={undefined}
              onKeyUp={undefined}
              placeholder={undefined}
              readOnly={undefined}
              required={false}
              rows={undefined}
              type="number"
              value=""
            />
          </div>
        </div>
        <div
          aria-describedby={undefined}
          className="MuiFormControl-root-305 MuiFormControl-marginDense-307 APIComponent-field-292"
        >
          <label
            className="MuiFormLabel-root-314 MuiInputLabel-root-309 MuiInputLabel-formControl-310 MuiInputLabel-animated-313 MuiInputLabel-marginDense-311"
            data-shrink={false}
            htmlFor="settings-podSizeMaximum"
          >
            Maximum Pod Size
          </label>
          <div
            className="MuiInput-root-324 MuiInput-formControl-325 MuiInput-underline-328"
          >
            <input
              aria-invalid={false}
              autoComplete={undefined}
              autoFocus={undefined}
              className="MuiInput-input-332 MuiInput-inputType-335 MuiInput-inputMarginDense-333"
              defaultValue={undefined}
              disabled={false}
              id="settings-podSizeMaximum"
              name={undefined}
              onBlur={[Function]}
              onChange={[Function]}
              onFocus={[Function]}
              onKeyDown={undefined}
              onKeyUp={undefined}
              placeholder={undefined}
              readOnly={undefined}
              required={false}
              rows={undefined}
              type="number"
              value=""
            />
          </div>
        </div>
      </div>
    </div>
  </div>
</div>
`;
