// Jest Snapshot v1, https://goo.gl/fbAQLP

exports[`matches the prior snapshot 1`] = `
<div>
  <div
    className=""
  >
    <header
      className="MuiPaper-root-184 MuiPaper-elevation4-190 MuiAppBar-root-176 MuiAppBar-positionFixed-177 MuiAppBar-colorPrimary-182 mui-fixed"
    >
      <div
        className="MuiToolbar-root-211 MuiToolbar-regular-213 MuiToolbar-gutters-212 APIComponent-nowrap-170"
      >
        <button
          aria-label="Back"
          className="MuiButtonBase-root-221 MuiIconButton-root-215 MuiIconButton-colorInherit-216 APIComponent-menuButton-171"
          disabled={false}
          onBlur={[Function]}
          onClick={[Function]}
          onFocus={[Function]}
          onKeyDown={[Function]}
          onKeyUp={[Function]}
          onMouseDown={[Function]}
          onMouseLeave={[Function]}
          onMouseUp={[Function]}
          onTouchEnd={[Function]}
          onTouchMove={[Function]}
          onTouchStart={[Function]}
          tabIndex="0"
          type="button"
        >
          <span
            className="MuiIconButton-label-220"
          >
            <svg
              aria-hidden="true"
              className="MuiSvgIcon-root-224"
              color={undefined}
              focusable="false"
              viewBox="0 0 24 24"
            >
              <path
                d="M0 0h24v24H0z"
                fill="none"
              />
              <path
                d="M20 11H7.83l5.59-5.59L12 4l-8 8 8 8 1.41-1.41L7.83 13H20v-2z"
              />
            </svg>
          </span>
          <span
            className="MuiTouchRipple-root-231"
          />
        </button>
        <h2
          className="MuiTypography-root-238 MuiTypography-title-244 MuiTypography-colorInherit-257 APIComponent-flex-169"
        >
          Settings
        </h2>
      </div>
    </header>
    <div
      className="APIComponent-spacer-173"
    />
  </div>
  <div
    className="APIComponent-root-287"
  >
    <div
      className="MuiPaper-root-184 MuiPaper-elevation1-187 MuiPaper-rounded-185 MuiCard-root-291 APIComponent-card-288"
    >
      <div
        className="MuiCardHeader-root-292"
      >
        <div
          className="MuiCardHeader-content-295"
        >
          <span
            className="MuiTypography-root-238 MuiTypography-headline-243 MuiCardHeader-title-296"
          >
            Pod Setup
          </span>
        </div>
      </div>
      <hr
        className="MuiDivider-root-298"
      />
      <div
        className="MuiCardContent-root-302 APIComponent-content-289"
      >
        <div
          aria-describedby={undefined}
          className="MuiFormControl-root-303 MuiFormControl-marginDense-305 APIComponent-field-290"
        >
          <label
            className="MuiFormLabel-root-312 MuiInputLabel-root-307 MuiInputLabel-formControl-308 MuiInputLabel-animated-311 MuiInputLabel-marginDense-309"
            data-shrink={false}
            htmlFor="settings-pairingMethod"
          >
            Pairing Method
          </label>
          <div
            className="MuiInput-root-322 MuiInput-formControl-323 MuiInput-underline-326"
          >
            <div
              className="MuiSelect-root-317"
            >
              <div
                aria-haspopup="true"
                aria-owns={null}
                aria-pressed="false"
                className="MuiSelect-select-318 MuiSelect-selectMenu-319 MuiInput-input-330 MuiInput-inputMarginDense-331"
                onBlur={[Function]}
                onClick={[Function]}
                onFocus={[Function]}
                onKeyDown={[Function]}
                role="button"
                tabIndex={0}
              >
                <span
                  dangerouslySetInnerHTML={
                    Object {
                      "__html": "&#8203;",
                    }
                  }
                />
              </div>
              <input
                autoComplete={undefined}
                autoFocus={undefined}
                defaultValue={undefined}
                id="settings-pairingMethod"
                name={undefined}
                onKeyDown={undefined}
                onKeyUp={undefined}
                placeholder={undefined}
                rows={undefined}
                type="hidden"
                value=""
              />
              <svg
                aria-hidden="true"
                className="MuiSvgIcon-root-224 MuiSelect-icon-321"
                color={undefined}
                focusable="false"
                viewBox="0 0 24 24"
              >
                <path
                  d="M7 10l5 5 5-5z"
                />
              </svg>
            </div>
          </div>
        </div>
        <div
          aria-describedby={undefined}
          className="MuiFormControl-root-303 MuiFormControl-marginDense-305 APIComponent-field-290"
        >
          <label
            className="MuiFormLabel-root-312 MuiInputLabel-root-307 MuiInputLabel-formControl-308 MuiInputLabel-animated-311 MuiInputLabel-marginDense-309"
            data-shrink={false}
            htmlFor="settings-pairingMethodInitial"
          >
            Initial Pairing Method
          </label>
          <div
            className="MuiInput-root-322 MuiInput-formControl-323 MuiInput-underline-326"
          >
            <div
              className="MuiSelect-root-317"
            >
              <div
                aria-haspopup="true"
                aria-owns={null}
                aria-pressed="false"
                className="MuiSelect-select-318 MuiSelect-selectMenu-319 MuiInput-input-330 MuiInput-inputMarginDense-331"
                onBlur={[Function]}
                onClick={[Function]}
                onFocus={[Function]}
                onKeyDown={[Function]}
                role="button"
                tabIndex={0}
              >
                <span
                  dangerouslySetInnerHTML={
                    Object {
                      "__html": "&#8203;",
                    }
                  }
                />
              </div>
              <input
                autoComplete={undefined}
                autoFocus={undefined}
                defaultValue={undefined}
                id="settings-pairingMethodInitial"
                name={undefined}
                onKeyDown={undefined}
                onKeyUp={undefined}
                placeholder={undefined}
                rows={undefined}
                type="hidden"
                value=""
              />
              <svg
                aria-hidden="true"
                className="MuiSvgIcon-root-224 MuiSelect-icon-321"
                color={undefined}
                focusable="false"
                viewBox="0 0 24 24"
              >
                <path
                  d="M7 10l5 5 5-5z"
                />
              </svg>
            </div>
          </div>
        </div>
        <div
          aria-describedby={undefined}
          className="MuiFormControl-root-303 MuiFormControl-marginDense-305 APIComponent-field-290"
        >
          <label
            className="MuiFormLabel-root-312 MuiInputLabel-root-307 MuiInputLabel-formControl-308 MuiInputLabel-animated-311 MuiInputLabel-marginDense-309"
            data-shrink={false}
            htmlFor="settings-podSizeMinimum"
          >
            Minimum Pod Size
          </label>
          <div
            className="MuiInput-root-322 MuiInput-formControl-323 MuiInput-underline-326"
          >
            <input
              aria-invalid={false}
              autoComplete={undefined}
              autoFocus={undefined}
              className="MuiInput-input-330 MuiInput-inputType-333 MuiInput-inputMarginDense-331"
              defaultValue={undefined}
              disabled={false}
              id="settings-podSizeMinimum"
              name={undefined}
              onBlur={[Function]}
              onChange={[Function]}
              onFocus={[Function]}
              onKeyDown={undefined}
              onKeyUp={undefined}
              placeholder={undefined}
              readOnly={undefined}
              required={false}
              rows={undefined}
              type="number"
              value=""
            />
          </div>
        </div>
        <div
          aria-describedby={undefined}
          className="MuiFormControl-root-303 MuiFormControl-marginDense-305 APIComponent-field-290"
        >
          <label
            className="MuiFormLabel-root-312 MuiInputLabel-root-307 MuiInputLabel-formControl-308 MuiInputLabel-animated-311 MuiInputLabel-marginDense-309"
            data-shrink={false}
            htmlFor="settings-podSizeMaximum"
          >
            Maximum Pod Size
          </label>
          <div
            className="MuiInput-root-322 MuiInput-formControl-323 MuiInput-underline-326"
          >
            <input
              aria-invalid={false}
              autoComplete={undefined}
              autoFocus={undefined}
              className="MuiInput-input-330 MuiInput-inputType-333 MuiInput-inputMarginDense-331"
              defaultValue={undefined}
              disabled={false}
              id="settings-podSizeMaximum"
              name={undefined}
              onBlur={[Function]}
              onChange={[Function]}
              onFocus={[Function]}
              onKeyDown={undefined}
              onKeyUp={undefined}
              placeholder={undefined}
              readOnly={undefined}
              required={false}
              rows={undefined}
              type="number"
              value=""
            />
          </div>
        </div>
      </div>
    </div>
  </div>
</div>
`;
