// Jest Snapshot v1, https://goo.gl/fbAQLP

exports[`matches the prior snapshot 1`] = `
<div>
  <div
    className="APIComponent-root-159"
  >
    <header
      className="MuiPaper-root-175 MuiPaper-elevation4-181 MuiAppBar-root-167 MuiAppBar-positionFixed-168 MuiAppBar-colorPrimary-173 mui-fixed"
    >
      <div
        className="MuiToolbar-root-202 MuiToolbar-regular-204 MuiToolbar-gutters-203 APIComponent-nowrap-161"
      >
        <button
          aria-label="Back"
          className="MuiButtonBase-root-212 MuiIconButton-root-206 MuiIconButton-colorInherit-207 APIComponent-menuButton-162"
          disabled={false}
          onBlur={[Function]}
          onClick={[Function]}
          onFocus={[Function]}
          onKeyDown={[Function]}
          onKeyUp={[Function]}
          onMouseDown={[Function]}
          onMouseLeave={[Function]}
          onMouseUp={[Function]}
          onTouchEnd={[Function]}
          onTouchMove={[Function]}
          onTouchStart={[Function]}
          tabIndex="0"
          type="button"
        >
          <span
            className="MuiIconButton-label-211"
          >
            <svg
              aria-hidden="true"
              className="MuiSvgIcon-root-215"
              color={undefined}
              focusable="false"
              viewBox="0 0 24 24"
            >
              <path
                d="M0 0h24v24H0z"
                fill="none"
              />
              <path
                d="M20 11H7.83l5.59-5.59L12 4l-8 8 8 8 1.41-1.41L7.83 13H20v-2z"
              />
            </svg>
          </span>
          <span
            className="MuiTouchRipple-root-222"
          />
        </button>
        <h2
          className="MuiTypography-root-229 MuiTypography-title-235 MuiTypography-colorInherit-248 APIComponent-flex-160"
        >
          Settings
        </h2>
      </div>
    </header>
    <div
      className="APIComponent-spacer-164"
    />
  </div>
  <div
    className="APIComponent-root-267"
  >
    <div
      className="MuiPaper-root-175 MuiPaper-elevation1-178 MuiPaper-rounded-176 MuiCard-root-271 APIComponent-card-268"
    >
      <div
        className="MuiCardHeader-root-272"
      >
        <div
          className="MuiCardHeader-content-275"
        >
          <span
            className="MuiTypography-root-229 MuiTypography-headline-234 MuiCardHeader-title-276"
          >
            Pod Setup
          </span>
        </div>
      </div>
      <hr
        className="MuiDivider-root-278"
      />
      <div
        className="MuiCardContent-root-282 APIComponent-content-269"
      >
        <div
          aria-describedby={undefined}
          className="MuiFormControl-root-283 MuiFormControl-marginDense-285 APIComponent-field-270"
        >
          <label
            className="MuiFormLabel-root-292 MuiInputLabel-root-287 MuiInputLabel-formControl-288 MuiInputLabel-animated-291 MuiInputLabel-marginDense-289"
            data-shrink={false}
            htmlFor="settings-pairingMethod"
          >
            Pairing Method
          </label>
          <div
            className="MuiInput-root-302 MuiInput-formControl-303 MuiInput-underline-306"
          >
            <div
              className="MuiSelect-root-297"
            >
              <div
                aria-haspopup="true"
                aria-owns={null}
                aria-pressed="false"
                className="MuiSelect-select-298 MuiSelect-selectMenu-299 MuiInput-input-310 MuiInput-inputMarginDense-311"
                onBlur={[Function]}
                onClick={[Function]}
                onFocus={[Function]}
                onKeyDown={[Function]}
                role="button"
                tabIndex={0}
              >
                <span
                  dangerouslySetInnerHTML={
                    Object {
                      "__html": "&#8203;",
                    }
                  }
                />
              </div>
              <input
                autoComplete={undefined}
                autoFocus={undefined}
                defaultValue={undefined}
                id="settings-pairingMethod"
                name={undefined}
                onKeyDown={undefined}
                onKeyUp={undefined}
                placeholder={undefined}
                rows={undefined}
                type="hidden"
                value=""
              />
              <svg
                aria-hidden="true"
                className="MuiSvgIcon-root-215 MuiSelect-icon-301"
                color={undefined}
                focusable="false"
                viewBox="0 0 24 24"
              >
                <path
                  d="M7 10l5 5 5-5z"
                />
              </svg>
            </div>
          </div>
        </div>
        <div
          aria-describedby={undefined}
          className="MuiFormControl-root-283 MuiFormControl-marginDense-285 APIComponent-field-270"
        >
          <label
            className="MuiFormLabel-root-292 MuiInputLabel-root-287 MuiInputLabel-formControl-288 MuiInputLabel-animated-291 MuiInputLabel-marginDense-289"
            data-shrink={false}
            htmlFor="settings-pairingMethodInitial"
          >
            Initial Pairing Method
          </label>
          <div
            className="MuiInput-root-302 MuiInput-formControl-303 MuiInput-underline-306"
          >
            <div
              className="MuiSelect-root-297"
            >
              <div
                aria-haspopup="true"
                aria-owns={null}
                aria-pressed="false"
                className="MuiSelect-select-298 MuiSelect-selectMenu-299 MuiInput-input-310 MuiInput-inputMarginDense-311"
                onBlur={[Function]}
                onClick={[Function]}
                onFocus={[Function]}
                onKeyDown={[Function]}
                role="button"
                tabIndex={0}
              >
                <span
                  dangerouslySetInnerHTML={
                    Object {
                      "__html": "&#8203;",
                    }
                  }
                />
              </div>
              <input
                autoComplete={undefined}
                autoFocus={undefined}
                defaultValue={undefined}
                id="settings-pairingMethodInitial"
                name={undefined}
                onKeyDown={undefined}
                onKeyUp={undefined}
                placeholder={undefined}
                rows={undefined}
                type="hidden"
                value=""
              />
              <svg
                aria-hidden="true"
                className="MuiSvgIcon-root-215 MuiSelect-icon-301"
                color={undefined}
                focusable="false"
                viewBox="0 0 24 24"
              >
                <path
                  d="M7 10l5 5 5-5z"
                />
              </svg>
            </div>
          </div>
        </div>
        <div
          aria-describedby={undefined}
          className="MuiFormControl-root-283 MuiFormControl-marginDense-285 APIComponent-field-270"
        >
          <label
            className="MuiFormLabel-root-292 MuiInputLabel-root-287 MuiInputLabel-formControl-288 MuiInputLabel-animated-291 MuiInputLabel-marginDense-289"
            data-shrink={false}
            htmlFor="settings-podSizeMinimum"
          >
            Minimum Pod Size
          </label>
          <div
            className="MuiInput-root-302 MuiInput-formControl-303 MuiInput-underline-306"
          >
            <input
              aria-invalid={false}
              autoComplete={undefined}
              autoFocus={undefined}
              className="MuiInput-input-310 MuiInput-inputType-313 MuiInput-inputMarginDense-311"
              defaultValue={undefined}
              disabled={false}
              id="settings-podSizeMinimum"
              name={undefined}
              onBlur={[Function]}
              onChange={[Function]}
              onFocus={[Function]}
              onKeyDown={undefined}
              onKeyUp={undefined}
              placeholder={undefined}
              readOnly={undefined}
              required={false}
              rows={undefined}
              type="number"
              value=""
            />
          </div>
        </div>
        <div
          aria-describedby={undefined}
          className="MuiFormControl-root-283 MuiFormControl-marginDense-285 APIComponent-field-270"
        >
          <label
            className="MuiFormLabel-root-292 MuiInputLabel-root-287 MuiInputLabel-formControl-288 MuiInputLabel-animated-291 MuiInputLabel-marginDense-289"
            data-shrink={false}
            htmlFor="settings-podSizeMaximum"
          >
            Maximum Pod Size
          </label>
          <div
            className="MuiInput-root-302 MuiInput-formControl-303 MuiInput-underline-306"
          >
            <input
              aria-invalid={false}
              autoComplete={undefined}
              autoFocus={undefined}
              className="MuiInput-input-310 MuiInput-inputType-313 MuiInput-inputMarginDense-311"
              defaultValue={undefined}
              disabled={false}
              id="settings-podSizeMaximum"
              name={undefined}
              onBlur={[Function]}
              onChange={[Function]}
              onFocus={[Function]}
              onKeyDown={undefined}
              onKeyUp={undefined}
              placeholder={undefined}
              readOnly={undefined}
              required={false}
              rows={undefined}
              type="number"
              value=""
            />
          </div>
        </div>
      </div>
    </div>
  </div>
</div>
`;
