// Jest Snapshot v1, https://goo.gl/fbAQLP

exports[`matches the prior snapshot 1`] = `
<div>
  <div
    className="MuiToolbar-root-140 MuiToolbar-regular-142 MuiToolbar-gutters-141"
  >
    <h1
      className="MuiTypography-root-144 MuiTypography-headline-149"
    >
      Add Players
    </h1>
    <p
      className="MuiTypography-root-144 MuiTypography-body1-153"
    />
    <button
      aria-haspopup="true"
      aria-label="Players Menu"
      aria-owns={null}
      className="MuiButtonBase-root-193 MuiButton-root-169 MuiButton-text-171 MuiButton-flat-174 APIComponent-right-137"
      disabled={false}
      onBlur={[Function]}
      onClick={[Function]}
      onFocus={[Function]}
      onKeyDown={[Function]}
      onKeyUp={[Function]}
      onMouseDown={[Function]}
      onMouseLeave={[Function]}
      onMouseUp={[Function]}
      onTouchEnd={[Function]}
      onTouchMove={[Function]}
      onTouchStart={[Function]}
      tabIndex="0"
      type="button"
    >
      <span
        className="MuiButton-label-170"
      >
        0 Players
      </span>
      <span
        className="MuiTouchRipple-root-196"
      />
    </button>
  </div>
  <div
    className="APIComponent-addPlayer-138"
  >
    <div
      className="IntegrationAutosuggest-root-207"
    >
      <div
        aria-expanded={false}
        aria-haspopup="listbox"
        aria-owns="react-autowhatever-1"
        className="IntegrationAutosuggest-container-208"
        role="combobox"
      >
        <div
          aria-describedby={undefined}
          className="MuiFormControl-root-212 MuiFormControl-fullWidth-215"
        >
          <div
            aria-activedescendant={null}
            aria-autocomplete="list"
            aria-controls="react-autowhatever-1"
            className="MuiInput-root-216 MuiInput-fullWidth-223 MuiInput-formControl-217 MuiInput-underline-220"
            style={Object {}}
          >
            <input
              aria-invalid={false}
              autoComplete="off"
              autoFocus={undefined}
              className="MuiInput-input-224"
              defaultValue={undefined}
              disabled={false}
              id={undefined}
              name={undefined}
              onBlur={[Function]}
              onChange={[Function]}
              onFocus={[Function]}
              onKeyDown={[Function]}
              onKeyUp={undefined}
              placeholder="Add a player"
              readOnly={undefined}
              required={false}
              rows={undefined}
              type="text"
              value=""
            />
          </div>
        </div>
        <div
          className="MuiPaper-root-229 MuiPaper-elevation2-233"
          id="react-autowhatever-1"
          role="listbox"
          style={Object {}}
        />
      </div>
      <button
        className="MuiButtonBase-root-193 MuiIconButton-root-256 MuiIconButton-colorInherit-257"
        disabled={false}
        onBlur={[Function]}
        onClick={[Function]}
        onFocus={[Function]}
        onKeyDown={[Function]}
        onKeyUp={[Function]}
        onMouseDown={[Function]}
        onMouseLeave={[Function]}
        onMouseUp={[Function]}
        onTouchEnd={[Function]}
        onTouchMove={[Function]}
        onTouchStart={[Function]}
        tabIndex="0"
        type="button"
      >
        <span
          className="MuiIconButton-label-261"
        >
          <svg
            aria-hidden="true"
            className="MuiSvgIcon-root-262"
            color={undefined}
            focusable="false"
            viewBox="0 0 24 24"
          >
            <path
              d="M19 13h-6v6h-2v-6H5v-2h6V5h2v6h6v2z"
            />
            <path
              d="M0 0h24v24H0z"
              fill="none"
            />
          </svg>
        </span>
        <span
          className="MuiTouchRipple-root-196"
        />
      </button>
    </div>
  </div>
  <div
    className="APIComponent-list-139"
  >
    <ul
      className="MuiList-root-269 MuiList-padding-270"
    />
  </div>
</div>
`;

exports[`matches the prior snapshot 2`] = `
<div>
  <div
    className="MuiToolbar-root-140 MuiToolbar-regular-142 MuiToolbar-gutters-141"
  >
    <h1
      className="MuiTypography-root-144 MuiTypography-headline-149"
    >
      Add Players
    </h1>
    <p
      className="MuiTypography-root-144 MuiTypography-body1-153"
    />
    <button
      aria-haspopup="true"
      aria-label="Players Menu"
      aria-owns={null}
      className="MuiButtonBase-root-193 MuiButton-root-169 MuiButton-text-171 MuiButton-flat-174 APIComponent-right-137"
      disabled={false}
      onBlur={[Function]}
      onClick={[Function]}
      onFocus={[Function]}
      onKeyDown={[Function]}
      onKeyUp={[Function]}
      onMouseDown={[Function]}
      onMouseLeave={[Function]}
      onMouseUp={[Function]}
      onTouchEnd={[Function]}
      onTouchMove={[Function]}
      onTouchStart={[Function]}
      tabIndex="0"
      type="button"
    >
      <span
        className="MuiButton-label-170"
      >
        0 Players
      </span>
      <span
        className="MuiTouchRipple-root-196"
      />
    </button>
  </div>
  <div
    className="APIComponent-addPlayer-138"
  >
    <div
      className="IntegrationAutosuggest-root-207"
    >
      <div
        aria-expanded={false}
        aria-haspopup="listbox"
        aria-owns="react-autowhatever-1"
        className="IntegrationAutosuggest-container-208"
        role="combobox"
      >
        <div
          aria-describedby={undefined}
          className="MuiFormControl-root-212 MuiFormControl-fullWidth-215"
        >
          <div
            aria-activedescendant={null}
            aria-autocomplete="list"
            aria-controls="react-autowhatever-1"
            className="MuiInput-root-216 MuiInput-fullWidth-223 MuiInput-formControl-217 MuiInput-underline-220"
            style={Object {}}
          >
            <input
              aria-invalid={false}
              autoComplete="off"
              autoFocus={undefined}
              className="MuiInput-input-224"
              defaultValue={undefined}
              disabled={false}
              id={undefined}
              name={undefined}
              onBlur={[Function]}
              onChange={[Function]}
              onFocus={[Function]}
              onKeyDown={[Function]}
              onKeyUp={undefined}
              placeholder="Add a player"
              readOnly={undefined}
              required={false}
              rows={undefined}
              type="text"
              value=""
            />
          </div>
        </div>
        <div
          className="MuiPaper-root-229 MuiPaper-elevation2-233"
          id="react-autowhatever-1"
          role="listbox"
          style={Object {}}
        />
      </div>
      <button
        className="MuiButtonBase-root-193 MuiIconButton-root-256 MuiIconButton-colorInherit-257"
        disabled={false}
        onBlur={[Function]}
        onClick={[Function]}
        onFocus={[Function]}
        onKeyDown={[Function]}
        onKeyUp={[Function]}
        onMouseDown={[Function]}
        onMouseLeave={[Function]}
        onMouseUp={[Function]}
        onTouchEnd={[Function]}
        onTouchMove={[Function]}
        onTouchStart={[Function]}
        tabIndex="0"
        type="button"
      >
        <span
          className="MuiIconButton-label-261"
        >
          <svg
            aria-hidden="true"
            className="MuiSvgIcon-root-262"
            color={undefined}
            focusable="false"
            viewBox="0 0 24 24"
          >
            <path
              d="M19 13h-6v6h-2v-6H5v-2h6V5h2v6h6v2z"
            />
            <path
              d="M0 0h24v24H0z"
              fill="none"
            />
          </svg>
        </span>
        <span
          className="MuiTouchRipple-root-196"
        />
      </button>
    </div>
  </div>
  <div
    className="APIComponent-list-139"
  >
    <ul
      className="MuiList-root-269 MuiList-padding-270"
    />
  </div>
</div>
`;
